Microchip MPLAB XC8 Compiler V3.00

Linker command line:

-W-3 \
  --edf=C:\Program Files\Microchip\xc8\v3.00\pic\dat\20241204225717_en.msgs \
  -cn -h+dist/default/production\PronosupinatorPIC18F4550.X.production.sym \
  --cmf=dist/default/production\PronosupinatorPIC18F4550.X.production.cmf \
  -z -Q18F4550 -oC:\Users\sebas\AppData\Local\Temp\xcAsvk.\driver_tmp_3.o \
  --defsym=__MPLAB_BUILD=1 --fixupoverflow=error \
  -Mdist/default/production/PronosupinatorPIC18F4550.X.production.map \
  --md=C:\Users\sebas\AppData\Local\Temp\xcAsvk.\driver_tmp_0.dat -E1 \
  -ver=XC8 Compiler -ACODE=00h-07FFFh -ACONST=00h-07FFFh \
  -ASMALLCONST=0800h-08FFhx120 -AMEDIUMCONST=0800h-07FFFh -ACOMRAM=01h-05Fh \
  -AABS1=00h-07FFh -ABIGRAM=01h-07FFh -ARAM=060h-0FFh,0100h-01FFhx7 \
  -ABANK0=060h-0FFh -ABANK1=0100h-01FFh -ABANK2=0200h-02FFh \
  -ABANK3=0300h-03FFh -ABANK4=0400h-04FFh -ABANK5=0500h-05FFh \
  -ABANK6=0600h-06FFh -ABANK7=0700h-07FFh -ASFR=0F60h-0FFFh \
  -ABIGSFR=0F60h-0FFFh -ACONFIG=0300000h-030000Dh -AIDLOC=0200000h-0200007h \
  -AEEDATA=0F00000h-0F000FFh -peeprom_data=EEDATA \
  -preset_vec=00h,intcode=8h,intcodelo=18h,sivt_lo,sivt_hi=CODE \
  -ppowerup=CODE,init -pramtop=0800h -psmallconst=SMALLCONST \
  -pmediumconst=MEDIUMCONST -pconst=CONST -AFARRAM=00h-00h \
  -prdata=COMRAM,nvrram=COMRAM,nvbit=COMRAM,rbss=COMRAM,rbit=COMRAM \
  -pfarbss=FARRAM,fardata=FARRAM,nvFARRAM=FARRAM \
  -pintsave_regs=BIGRAM,bigbss=BIGRAM,bigdata=BIGRAM -pbss=RAM \
  -pidata=CODE,irdata=CODE,ibigdata=CODE,ifardata=CODE -prparam=COMRAM \
  C:\Users\sebas\AppData\Local\Temp\xcAsvk.\driver_tmp_14.o \
  dist/default/production\PronosupinatorPIC18F4550.X.production.o 

Object code version is 3.11

Machine type is 18F4550



                Name                               Link     Load   Length Selector   Space Scale
C:\Users\sebas\AppData\Local\Temp\xcAsvk.\driver_tmp_14.o
                config                           300000   300000        E        0       4
                init                                  E        E        4        4       0
                reset_vec                             0        0        4        0       0
dist/default/production\PronosupinatorPIC18F4550.X.production.o
                intcode                               8        8        6        4       0
                config                           300000   300000        E        0       4
                temp                                 56       56        1        1       1
                mediumconst                        7E76     7E76      18A     3F3B       0
                text57                             35EE     35EE       26        4       0
                text56                             371A     371A       16        4       0
                text55                             3704     3704       16        4       0
                text54                             3690     3690       1A        4       0
                text53                             3656     3656       1E        4       0
                text52                             318A     318A       72        4       0
                text51                             3636     3636       20        4       0
                text50                             2D7E     2D7E       C2        4       0
                text49                             22A2     22A2      1F0        4       0
                text48                             2BE2     2BE2       D8        4       0
                text47                             36EE     36EE       16        4       0
                text46                             32CC     32CC       5E        4       0
                intcode_body                       1E9C     1E9C      208        4       0
                text44                             351E     351E       2C        4       0
                text43                             29FA     29FA      106        4       0
                text42                             2492     2492      1B8        4       0
                text41                               12       12      4B8        4       0
                text40                             1468     1468      392        4       0
                text39                              4CA      4CA      428        4       0
                text38                             264A     264A      17A        4       0
                text37                             3440     3440       3A        4       0
                text36                             332A     332A       48        4       0
                text35                             34E8     34E8       36        4       0
                text34                              CE6      CE6      3E0        4       0
                text33                             10C6     10C6      3A2        4       0
                text32                             17FA     17FA      246        4       0
                text31                             28F2     28F2      108        4       0
                text30                             1C7E     1C7E      21E        4       0
                text29                             374E     374E        C        4       0
                text28                             3740     3740        E        4       0
                text27                             3574     3574       2A        4       0
                text26                             305C     305C       AE        4       0
                text25                             35C6     35C6       28        4       0
                text24                             36D8     36D8       16        4       0
                text23                             36C2     36C2       16        4       0
                text22                             3674     3674       1C        4       0
                text21                             3614     3614       22        4       0
                text20                             310A     310A       80        4       0
                text19                             359E     359E       28        4       0
                text18                             2CBA     2CBA       C4        4       0
                text17                             20A4     20A4      1FE        4       0
                text16                             2B00     2B00       E2        4       0
                text15                             2FAC     2FAC       B0        4       0
                text14                             27C4     27C4      12E        4       0
                text13                             33FC     33FC       44        4       0
                text12                             3730     3730       10        4       0
                text11                             36AA     36AA       18        4       0
                text10                             326C     326C       60        4       0
                text9                              2EFC     2EFC       B0        4       0
                text8                              34B2     34B2       36        4       0
                text7                              375A     375A        2        4       0
                text6                              2E40     2E40       BC        4       0
                text5                              1A40     1A40      23E        4       0
                text4                              3372     3372       46        4       0
                text3                              33B8     33B8       44        4       0
                text2                              31FC     31FC       70        4       0
                text1                              347A     347A       38        4       0
                text0                               8F2      8F2      3F4        4       0
                cstackCOMRAM                          1        1       34        1       1
                cstackBANK0                          60       60       9F       60       1
                cstackBANK1                         100      100       5E      100       1
                bssBANK1                            15E      15E       4A      100       1
                bssBANK0                             FF       FF        1       60       1
                bssCOMRAM                            35       35       21        1       1
                cinit                              354A     354A       2A        4       0

TOTAL           Name                               Link     Load   Length     Space
        CLASS   CODE           
                intcode                               8        8        6         0
                init                                  E        E        4         0
                reset_vec                             0        0        4         0
                text57                             35EE     35EE       26         0
                text56                             371A     371A       16         0
                text55                             3704     3704       16         0
                text54                             3690     3690       1A         0
                text53                             3656     3656       1E         0
                text52                             318A     318A       72         0
                text51                             3636     3636       20         0
                text50                             2D7E     2D7E       C2         0
                text49                             22A2     22A2      1F0         0
                text48                             2BE2     2BE2       D8         0
                text47                             36EE     36EE       16         0
                text46                             32CC     32CC       5E         0
                intcode_body                       1E9C     1E9C      208         0
                text44                             351E     351E       2C         0
                text43                             29FA     29FA      106         0
                text42                             2492     2492      1B8         0
                text41                               12       12      4B8         0
                text40                             1468     1468      392         0
                text39                              4CA      4CA      428         0
                text38                             264A     264A      17A         0
                text37                             3440     3440       3A         0
                text36                             332A     332A       48         0
                text35                             34E8     34E8       36         0
                text34                              CE6      CE6      3E0         0
                text33                             10C6     10C6      3A2         0
                text32                             17FA     17FA      246         0
                text31                             28F2     28F2      108         0
                text30                             1C7E     1C7E      21E         0
                text29                             374E     374E        C         0
                text28                             3740     3740        E         0
                text27                             3574     3574       2A         0
                text26                             305C     305C       AE         0
                text25                             35C6     35C6       28         0
                text24                             36D8     36D8       16         0
                text23                             36C2     36C2       16         0
                text22                             3674     3674       1C         0
                text21                             3614     3614       22         0
                text20                             310A     310A       80         0
                text19                             359E     359E       28         0
                text18                             2CBA     2CBA       C4         0
                text17                             20A4     20A4      1FE         0
                text16                             2B00     2B00       E2         0
                text15                             2FAC     2FAC       B0         0
                text14                             27C4     27C4      12E         0
                text13                             33FC     33FC       44         0
                text12                             3730     3730       10         0
                text11                             36AA     36AA       18         0
                text10                             326C     326C       60         0
                text9                              2EFC     2EFC       B0         0
                text8                              34B2     34B2       36         0
                text7                              375A     375A        2         0
                text6                              2E40     2E40       BC         0
                text5                              1A40     1A40      23E         0
                text4                              3372     3372       46         0
                text3                              33B8     33B8       44         0
                text2                              31FC     31FC       70         0
                text1                              347A     347A       38         0
                text0                               8F2      8F2      3F4         0
                cinit                              354A     354A       2A         0

        CLASS   CONST          

        CLASS   SMALLCONST     

        CLASS   MEDIUMCONST    
                mediumconst                        7E76     7E76      18A         0

        CLASS   COMRAM         
                temp                                 56       56        1         1
                cstackCOMRAM                          1        1       34         1
                bssCOMRAM                            35       35       21         1

        CLASS   ABS1           

        CLASS   BIGRAM         

        CLASS   RAM            

        CLASS   BANK0          
                cstackBANK0                          60       60       9F         1
                bssBANK0                             FF       FF        1         1

        CLASS   BANK1          
                cstackBANK1                         100      100       5E         1
                bssBANK1                            15E      15E       4A         1

        CLASS   BANK2          

        CLASS   BANK3          

        CLASS   BANK4          

        CLASS   BANK5          

        CLASS   BANK6          

        CLASS   BANK7          

        CLASS   SFR            

        CLASS   BIGSFR         

        CLASS   CONFIG         
                config                           300000   300000        E         4

        CLASS   IDLOC          

        CLASS   EEDATA         

        CLASS   FARRAM         

        CLASS   HEAP           

        CLASS   STACK          



SEGMENTS        Name                           Load    Length   Top    Selector   Space  Class

                reset_vec                      000000  000004  000004         0       0  CODE    
                cstackCOMRAM                   000001  000056  000057         1       1  COMRAM  
                intcode                        000008  003754  00375C         4       0  CODE    
                cstackBANK0                    000060  0000A0  000100        60       1  BANK0   
                cstackBANK1                    000100  0000A8  0001A8       100       1  BANK1   
                mediumconst                    007E76  00018A  008000      3F3B       0  MEDIUMCO


UNUSED ADDRESS RANGES

        Name                Unused          Largest block    Delta
        BANK1            0001A8-0001FF               58
        BANK2            000200-0002FF              100
        BANK3            000300-0003FF              100
        BANK4            000400-0004FF              100
        BANK5            000500-0005FF              100
        BANK6            000600-0006FF              100
        BANK7            000700-0007FF              100
        BIGRAM           000057-00005F                9
                         0001A8-0007FF              658
        BIGSFR           000F60-000FFF               A0
        CODE             000004-000007                4
                         00375C-007E75             471A
        COMRAM           000057-00005F                9
        CONST            000004-000007                4
                         00375C-007E75             471A
        EEDATA           F00000-F000FF              100
        IDLOC            200000-200007                8
        MEDIUMCONST      00375C-007E75             471A
        RAM              0001A8-0007FF              100
        SFR              000F60-000FFF               A0
        SMALLCONST       00375C-007E75              100

                                  Symbol Table

?_GY_ADC                                cstackBANK0  0000ED
?_Joystick_ADC                          cstackBANK0  000097
?_R                                     cstackBANK0  0000B0
?___awdiv                               cstackBANK0  000060
?___awmod                               cstackBANK0  000060
?___fladd                               cstackBANK0  000087
?___fldiv                               cstackBANK0  000097
?___flmul                               cstackBANK0  00006E
?___flneg                               cstackBANK0  000060
?___flsub                               cstackBANK0  0000C4
?___fltol                               cstackBANK0  0000F1
?___xxtofl                              cstackBANK0  000060
?_abs                                   cstackBANK0  000066
?_asinf                                 cstackBANK0  0000CC
?_fabsf                                 cstackBANK0  000060
?_sprintf                               cstackBANK0  00007D
?_sqrtf                                 cstackBANK0  000060
?_strcmp                                cstackBANK0  000060
?_vfprintf                              cstackBANK0  000077
?i2___awdiv                             cstackCOMRAM 000001
Demux_control@angleCondition            cstackBANK0  0000FB
GY_ADC@angle                            cstackBANK1  000108
GY_ADC@gAcc                             cstackBANK1  000110
GY_ADC@rawy                             cstackBANK1  000100
GY_ADC@voltage                          cstackBANK1  000104
I2C_Write@data                          cstackBANK0  000061
Joystick_ADC@value                      cstackBANK0  00009B
OLED_ClearArea@col                      cstackBANK0  000067
OLED_ClearArea@endCol                   cstackBANK0  000065
OLED_ClearArea@endPage                  cstackBANK0  000063
OLED_ClearArea@page                     cstackBANK0  000068
OLED_ClearArea@startCol                 cstackBANK0  000064
OLED_ClearArea@startPage                cstackBANK0  000066
OLED_Command@cmd                        cstackBANK0  000062
OLED_DrawCentered2x_AtPage@charWidth    cstackBANK0  000085
OLED_DrawCentered2x_AtPage@i            cstackBANK0  000087
OLED_DrawCentered2x_AtPage@len          cstackBANK0  000086
OLED_DrawCentered2x_AtPage@page         cstackBANK0  00007E
OLED_DrawCentered2x_AtPage@startCol     cstackBANK0  000084
OLED_DrawCentered2x_AtPage@str          cstackBANK0  00007C
OLED_DrawCentered2x_AtPage@tmp          cstackBANK0  000081
OLED_DrawCentered2x_AtPage@totalWidth   cstackBANK0  000083
OLED_DrawChar@c                         cstackBANK0  00006C
OLED_DrawChar@col                       cstackBANK0  00006B
OLED_DrawChar@colData                   cstackBANK0  000069
OLED_DrawChar@idx                       cstackBANK0  00006A
OLED_DrawChar@start_col                 cstackBANK0  000066
OLED_DrawChar@start_page                cstackBANK0  000065
OLED_DrawScaledChar@F4166               bssCOMRAM    00004D
OLED_DrawScaledChar@bit                 cstackBANK0  000078
OLED_DrawScaledChar@c                   cstackBANK0  00007B
OLED_DrawScaledChar@col                 cstackBANK0  00007A
OLED_DrawScaledChar@colData             cstackBANK0  000070
OLED_DrawScaledChar@idx                 cstackBANK0  000075
OLED_DrawScaledChar@outBit              cstackBANK0  000073
OLED_DrawScaledChar@outPage             cstackBANK0  000072
OLED_DrawScaledChar@p                   cstackBANK0  000079
OLED_DrawScaledChar@pixel               cstackBANK0  000071
OLED_DrawScaledChar@rowOut              cstackBANK0  000076
OLED_DrawScaledChar@scale               cstackBANK0  000068
OLED_DrawScaledChar@scaled_col          cstackBANK0  00006D
OLED_DrawScaledChar@start_col           cstackBANK0  00006A
OLED_DrawScaledChar@start_page          cstackBANK0  000069
OLED_DrawScaledChar@v                   cstackBANK0  000074
OLED_DrawScaledChar@x                   cstackBANK0  000077
OLED_Print@col                          cstackBANK0  000070
OLED_Print@page                         cstackBANK0  00006F
OLED_Print@str                          cstackBANK0  00006D
OLED_SetCursor@col                      cstackBANK0  000063
OLED_SetCursor@page                     cstackBANK0  000064
R@p                                     cstackBANK0  0000B4
R@q                                     cstackBANK0  0000B8
R@z                                     cstackBANK0  0000B0
UART_WriteChar@c                        cstackBANK0  000060
UART_WriteString@s                      cstackBANK0  000061
_ADCS0                                  (abs)        007E00
_ADCS1                                  (abs)        007E01
_ADCS2                                  (abs)        007E02
_ADFM                                   (abs)        007E07
_ADON                                   (abs)        007E10
_ADRESH                                 (abs)        000FC4
_ADRESL                                 (abs)        000FC3
_BRGH                                   (abs)        007D62
_CHS0                                   (abs)        007E12
_CHS1                                   (abs)        007E13
_CHS2                                   (abs)        007E14
_CHS3                                   (abs)        007E15
_CREN                                   (abs)        007D5C
_Config_ADC                             text44       00351E
_Demux_control                          text30       001C7E
_Enable_Interrupts                      text29       00374E
_GIE                                    (abs)        007F97
_GO_DONE                                (abs)        007E11
_GY_ADC                                 text32       0017FA
_GY_ADC$1291                            cstackBANK1  00010C
_I2C_Init                               text28       003740
_I2C_Start                              text24       0036D8
_I2C_Stop                               text23       0036C2
_I2C_Wait                               text25       0035C6
_I2C_Write                              text22       003674
_INT1IE                                 (abs)        007F83
_INT1IF                                 (abs)        007F80
_INT2IE                                 (abs)        007F84
_INT2IF                                 (abs)        007F81
_INTEDG1                                (abs)        007F8D
_INTEDG2                                (abs)        007F8C
_ISR                                    intcode      000008
_Init_ports                             text27       003574
_Joystick_ADC                           text26       00305C
_OLED_ClearArea                         text20       00310A
_OLED_Command                           text21       003614
_OLED_DrawCentered2x_AtPage             text16       002B00
_OLED_DrawChar                          text14       0027C4
_OLED_DrawScaledChar                    text17       0020A4
_OLED_Init                              text15       002FAC
_OLED_Print                             text13       0033FC
_OLED_SetCursor                         text19       00359E
_PCFG0                                  (abs)        007E08
_PCFG1                                  (abs)        007E09
_PCFG2                                  (abs)        007E0A
_PCFG3                                  (abs)        007E0B
_R                                      text38       00264A
_R$1292                                 cstackBANK0  0000BC
_R$1293                                 cstackBANK0  0000C0
_RD0                                    (abs)        007C18
_RD1                                    (abs)        007C19
_RD2                                    (abs)        007C1A
_RD4                                    (abs)        007C1C
_RD5                                    (abs)        007C1D
_RD6                                    (abs)        007C1E
_RD7                                    (abs)        007C1F
_SPBRG                                  (abs)        000FAF
_SPEN                                   (abs)        007D5F
_SSPADD                                 (abs)        000FC8
_SSPBUF                                 (abs)        000FC9
_SSPCON1                                (abs)        000FC6
_SSPCON2                                (abs)        000FC5
_SSPCON2bits                            (abs)        000FC5
_SSPSTAT                                (abs)        000FC7
_SSPSTATbits                            (abs)        000FC7
_SYNC                                   (abs)        007D64
_TRISA0                                 (abs)        007C90
_TRISA1                                 (abs)        007C91
_TRISA2                                 (abs)        007C92
_TRISA3                                 (abs)        007C93
_TRISB0                                 (abs)        007C98
_TRISB1                                 (abs)        007C99
_TRISB2                                 (abs)        007C9A
_TRISB3                                 (abs)        007C9B
_TRISB4                                 (abs)        007C9C
_TRISB5                                 (abs)        007C9D
_TRISC6                                 (abs)        007CA6
_TRISC7                                 (abs)        007CA7
_TRISD0                                 (abs)        007CA8
_TRISD1                                 (abs)        007CA9
_TRISD4                                 (abs)        007CAC
_TRISD5                                 (abs)        007CAD
_TRISD6                                 (abs)        007CAE
_TRISD7                                 (abs)        007CAF
_TRMT                                   (abs)        007D61
_TXEN                                   (abs)        007D65
_TXREG                                  (abs)        000FAD
_UART_Init                              text12       003730
_UART_WriteChar                         text11       0036AA
_UART_WriteString                       text10       00326C
__HRAM                                  (abs)        000000
__H__absolute__                         __absolute__ 000000
__Habs1                                 abs1         000000
__Hbank0                                bank0        000000
__Hbank1                                bank1        000000
__Hbank2                                bank2        000000
__Hbank3                                bank3        000000
__Hbank4                                bank4        000000
__Hbank5                                bank5        000000
__Hbank6                                bank6        000000
__Hbank7                                bank7        000000
__Hbigbss                               bigbss       000000
__Hbigdata                              bigdata      000000
__Hbigram                               bigram       000000
__Hbigsfr                               bigsfr       000000
__Hbss                                  bss          000000
__HbssBANK0                             bssBANK0     000000
__HbssBANK1                             bssBANK1     000000
__HbssCOMRAM                            bssCOMRAM    000000
__Hcinit                                cinit        000000
__Hclrtext                              clrtext      000000
__Hcomram                               comram       000000
__Hconfig                               config       30000E
__Hconst                                const        000000
__HcstackBANK0                          cstackBANK0  000000
__HcstackBANK1                          cstackBANK1  000000
__HcstackCOMRAM                         cstackCOMRAM 000000
__Hdata                                 data         000000
__Heeprom_data                          eeprom_data  000000
__Hfarbss                               farbss       000000
__Hfardata                              fardata      000000
__Hheap                                 heap         000000
__Hibigdata                             ibigdata     000000
__Hidata                                idata        000000
__Hidloc                                idloc        000000
__Hifardata                             ifardata     000000
__Hinit                                 init         000012
__Hintcode                              intcode      00000E
__Hintcode_body                         intcode_body 000000
__Hintcodelo                            intcodelo    000018
__Hintentry                             intentry     000000
__Hintret                               intret       000000
__Hintsave_regs                         intsave_regs 000000
__Hirdata                               irdata       000000
__Hmediumconst                          mediumconst  008000
__HnvFARRAM                             nvFARRAM     000000
__Hnvbit                                nvbit        000000
__Hnvrram                               nvrram       000000
__Hparam                                rparam       000000
__Hpowerup                              powerup      000000
__Hram                                  ram          000000
__Hramtop                               ramtop       000800
__Hrbit                                 rbit         000000
__Hrbss                                 rbss         000000
__Hrdata                                rdata        000000
__Hreset_vec                            reset_vec    000004
__Hrparam                               rparam       000000
__Hsfr                                  sfr          000000
__Hsivt_hi                              sivt_hi      000000
__Hsivt_lo                              sivt_lo      000018
__Hsmallconst                           smallconst   000000
__Hspace_0                              (abs)        008000
__Hspace_1                              (abs)        0001A8
__Hspace_2                              (abs)        000000
__Hspace_4                              (abs)        60000E
__Hstack                                stack        000000
__Hstruct                               struct       000000
__Htemp                                 temp         000057
__Htext                                 text         000000
__Htext0                                text0        000000
__Htext1                                text1        000000
__Htext10                               text10       000000
__Htext11                               text11       000000
__Htext12                               text12       000000
__Htext13                               text13       000000
__Htext14                               text14       000000
__Htext15                               text15       000000
__Htext16                               text16       000000
__Htext17                               text17       000000
__Htext18                               text18       000000
__Htext19                               text19       000000
__Htext2                                text2        000000
__Htext20                               text20       000000
__Htext21                               text21       000000
__Htext22                               text22       000000
__Htext23                               text23       000000
__Htext24                               text24       000000
__Htext25                               text25       000000
__Htext26                               text26       000000
__Htext27                               text27       000000
__Htext28                               text28       000000
__Htext29                               text29       000000
__Htext3                                text3        000000
__Htext30                               text30       000000
__Htext31                               text31       000000
__Htext32                               text32       000000
__Htext33                               text33       000000
__Htext34                               text34       000000
__Htext35                               text35       000000
__Htext36                               text36       000000
__Htext37                               text37       000000
__Htext38                               text38       000000
__Htext39                               text39       000000
__Htext4                                text4        000000
__Htext40                               text40       000000
__Htext41                               text41       000000
__Htext42                               text42       000000
__Htext43                               text43       000000
__Htext44                               text44       000000
__Htext46                               text46       000000
__Htext47                               text47       000000
__Htext48                               text48       000000
__Htext49                               text49       000000
__Htext5                                text5        000000
__Htext50                               text50       000000
__Htext51                               text51       000000
__Htext52                               text52       000000
__Htext53                               text53       000000
__Htext54                               text54       000000
__Htext55                               text55       000000
__Htext56                               text56       000000
__Htext57                               text57       000000
__Htext6                                text6        000000
__Htext7                                text7        000000
__Htext8                                text8        000000
__Htext9                                text9        000000
__LRAM                                  (abs)        000001
__L__absolute__                         __absolute__ 000000
__Labs1                                 abs1         000000
__Lbank0                                bank0        000000
__Lbank1                                bank1        000000
__Lbank2                                bank2        000000
__Lbank3                                bank3        000000
__Lbank4                                bank4        000000
__Lbank5                                bank5        000000
__Lbank6                                bank6        000000
__Lbank7                                bank7        000000
__Lbigbss                               bigbss       000000
__Lbigdata                              bigdata      000000
__Lbigram                               bigram       000000
__Lbigsfr                               bigsfr       000000
__Lbss                                  bss          000000
__LbssBANK0                             bssBANK0     000000
__LbssBANK1                             bssBANK1     000000
__LbssCOMRAM                            bssCOMRAM    000000
__Lcinit                                cinit        000000
__Lclrtext                              clrtext      000000
__Lcomram                               comram       000000
__Lconfig                               config       000000
__Lconst                                const        000000
__LcstackBANK0                          cstackBANK0  000000
__LcstackBANK1                          cstackBANK1  000000
__LcstackCOMRAM                         cstackCOMRAM 000000
__Ldata                                 data         000000
__Leeprom_data                          eeprom_data  000000
__Lfarbss                               farbss       000000
__Lfardata                              fardata      000000
__Lheap                                 heap         000000
__Libigdata                             ibigdata     000000
__Lidata                                idata        000000
__Lidloc                                idloc        000000
__Lifardata                             ifardata     000000
__Linit                                 init         00000E
__Lintcode                              intcode      000008
__Lintcode_body                         intcode_body 000000
__Lintcodelo                            intcodelo    000018
__Lintentry                             intentry     000000
__Lintret                               intret       000000
__Lintsave_regs                         intsave_regs 000000
__Lirdata                               irdata       000000
__Lmediumconst                          mediumconst  007E76
__LnvFARRAM                             nvFARRAM     000000
__Lnvbit                                nvbit        000000
__Lnvrram                               nvrram       000000
__Lparam                                rparam       000000
__Lpowerup                              powerup      000000
__Lram                                  ram          000000
__Lramtop                               ramtop       000800
__Lrbit                                 rbit         000000
__Lrbss                                 rbss         000000
__Lrdata                                rdata        000000
__Lreset_vec                            reset_vec    000000
__Lrparam                               rparam       000000
__Lsfr                                  sfr          000000
__Lsivt_hi                              sivt_hi      000000
__Lsivt_lo                              sivt_lo      000018
__Lsmallconst                           smallconst   000000
__Lspace_0                              (abs)        000000
__Lspace_1                              (abs)        000000
__Lspace_2                              (abs)        000000
__Lspace_4                              (abs)        000000
__Lstack                                stack        000000
__Lstruct                               struct       000000
__Ltemp                                 temp         000056
__Ltext                                 text         000000
__Ltext0                                text0        000000
__Ltext1                                text1        000000
__Ltext10                               text10       000000
__Ltext11                               text11       000000
__Ltext12                               text12       000000
__Ltext13                               text13       000000
__Ltext14                               text14       000000
__Ltext15                               text15       000000
__Ltext16                               text16       000000
__Ltext17                               text17       000000
__Ltext18                               text18       000000
__Ltext19                               text19       000000
__Ltext2                                text2        000000
__Ltext20                               text20       000000
__Ltext21                               text21       000000
__Ltext22                               text22       000000
__Ltext23                               text23       000000
__Ltext24                               text24       000000
__Ltext25                               text25       000000
__Ltext26                               text26       000000
__Ltext27                               text27       000000
__Ltext28                               text28       000000
__Ltext29                               text29       000000
__Ltext3                                text3        000000
__Ltext30                               text30       000000
__Ltext31                               text31       000000
__Ltext32                               text32       000000
__Ltext33                               text33       000000
__Ltext34                               text34       000000
__Ltext35                               text35       000000
__Ltext36                               text36       000000
__Ltext37                               text37       000000
__Ltext38                               text38       000000
__Ltext39                               text39       000000
__Ltext4                                text4        000000
__Ltext40                               text40       000000
__Ltext41                               text41       000000
__Ltext42                               text42       000000
__Ltext43                               text43       000000
__Ltext44                               text44       000000
__Ltext46                               text46       000000
__Ltext47                               text47       000000
__Ltext48                               text48       000000
__Ltext49                               text49       000000
__Ltext5                                text5        000000
__Ltext50                               text50       000000
__Ltext51                               text51       000000
__Ltext52                               text52       000000
__Ltext53                               text53       000000
__Ltext54                               text54       000000
__Ltext55                               text55       000000
__Ltext56                               text56       000000
__Ltext57                               text57       000000
__Ltext6                                text6        000000
__Ltext7                                text7        000000
__Ltext8                                text8        000000
__Ltext9                                text9        000000
__S0                                    (abs)        008000
__S1                                    (abs)        0001A8
__S4                                    (abs)        000000
__S5                                    (abs)        000000
___awdiv                                text18       002CBA
___awdiv@counter                        cstackBANK0  000064
___awdiv@dividend                       cstackBANK0  000060
___awdiv@divisor                        cstackBANK0  000062
___awdiv@quotient                       cstackBANK0  000066
___awdiv@sign                           cstackBANK0  000065
___awmod                                text9        002EFC
___awmod@counter                        cstackBANK0  000064
___awmod@dividend                       cstackBANK0  000060
___awmod@divisor                        cstackBANK0  000062
___awmod@sign                           cstackBANK0  000065
___fladd                                text41       000012
___fladd@a                              cstackBANK0  00008B
___fladd@aexp                           cstackBANK0  000094
___fladd@b                              cstackBANK0  000087
___fladd@bexp                           cstackBANK0  000095
___fladd@grs                            cstackBANK0  000096
___fladd@signs                          cstackBANK0  000093
___fldiv                                text40       001468
___fldiv@a                              cstackBANK0  00009B
___fldiv@aexp                           cstackBANK0  0000AF
___fldiv@b                              cstackBANK0  000097
___fldiv@bexp                           cstackBANK0  0000AE
___fldiv@grs                            cstackBANK0  0000AA
___fldiv@new_exp                        cstackBANK0  0000A8
___fldiv@rem                            cstackBANK0  0000A3
___fldiv@sign                           cstackBANK0  0000A7
___flge                                 text43       0029FA
___flge@ff1                             cstackBANK0  000060
___flge@ff2                             cstackBANK0  000064
___flmul                                text39       0004CA
___flmul@a                              cstackBANK0  000072
___flmul@aexp                           cstackBANK0  00007F
___flmul@b                              cstackBANK0  00006E
___flmul@bexp                           cstackBANK0  000080
___flmul@grs                            cstackBANK0  00007B
___flmul@prod                           cstackBANK0  000081
___flmul@sign                           cstackBANK0  00007A
___flmul@temp                           cstackBANK0  000085
___flneg                                text37       003440
___flneg@f1                             cstackBANK0  000060
___flsub                                text36       00332A
___flsub@a                              cstackBANK0  0000C8
___flsub@b                              cstackBANK0  0000C4
___fltol                                text31       0028F2
___fltol@exp1                           cstackBANK0  0000FA
___fltol@f1                             cstackBANK0  0000F1
___fltol@sign1                          cstackBANK0  0000F9
___heap_hi                              (abs)        000000
___heap_lo                              (abs)        000000
___inthi_sp                             stack        000000
___inthi_stack_hi                       stack        000000
___inthi_stack_lo                       stack        000000
___intlo_sp                             stack        000000
___intlo_stack_hi                       stack        000000
___intlo_stack_lo                       stack        000000
___param_bank                           (abs)        000000
___rparam_used                          (abs)        000001
___sp                                   stack        000000
___stack_hi                             stack        000000
___stack_lo                             stack        000000
___xxtofl                               text42       002492
___xxtofl@arg                           cstackBANK0  00006A
___xxtofl@exp                           cstackBANK0  000069
___xxtofl@sign                          cstackBANK0  000068
___xxtofl@val                           cstackBANK0  000060
__accesstop                             (abs)        000060
__activetblptr                          (abs)        000002
__end_of_Config_ADC                     text44       00354A
__end_of_Demux_control                  text30       001E9C
__end_of_Enable_Interrupts              text29       00375A
__end_of_GY_ADC                         text32       001A40
__end_of_I2C_Init                       text28       00374E
__end_of_I2C_Start                      text24       0036EE
__end_of_I2C_Stop                       text23       0036D8
__end_of_I2C_Wait                       text25       0035EE
__end_of_I2C_Write                      text22       003690
__end_of_ISR                            intcode_body 0020A4
__end_of_Init_ports                     text27       00359E
__end_of_Joystick_ADC                   text26       00310A
__end_of_OLED_ClearArea                 text20       00318A
__end_of_OLED_Command                   text21       003636
__end_of_OLED_DrawCentered2x_AtPage     text16       002BE2
__end_of_OLED_DrawChar                  text14       0028F2
__end_of_OLED_DrawScaledChar            text17       0022A2
__end_of_OLED_Init                      text15       00305C
__end_of_OLED_Print                     text13       003440
__end_of_OLED_SetCursor                 text19       0035C6
__end_of_R                              text38       0027C4
__end_of_UART_Init                      text12       003740
__end_of_UART_WriteChar                 text11       0036C2
__end_of_UART_WriteString               text10       0032CC
__end_of___awdiv                        text18       002D7E
__end_of___awmod                        text9        002FAC
__end_of___fladd                        text41       0004CA
__end_of___fldiv                        text40       0017FA
__end_of___flge                         text43       002B00
__end_of___flmul                        text39       0008F2
__end_of___flneg                        text37       00347A
__end_of___flsub                        text36       003372
__end_of___fltol                        text31       0029FA
__end_of___xxtofl                       text42       00264A
__end_of__initialization                cinit        003566
__end_of_abs                            text8        0034E8
__end_of_asinf                          text33       001468
__end_of_fabsf                          text35       00351E
__end_of_font5x7                        mediumconst  007F3A
__end_of_fputc                          text6        002EFC
__end_of_main                           text0        000CE6
__end_of_pS0                            mediumconst  007F4A
__end_of_pS1                            mediumconst  007F46
__end_of_pS2                            mediumconst  007F42
__end_of_pio2                           mediumconst  007F4E
__end_of_putch                          text7        00375C
__end_of_qS1                            mediumconst  007F3E
__end_of_sprintf                        text3        0033FC
__end_of_sqrtf                          text34       0010C6
__end_of_strcmp                         text2        00326C
__end_of_strcpy                         text1        0034B2
__end_of_vfpfcnvrt                      text5        001C7E
__end_of_vfprintf                       text4        0033B8
__end_ofi2_I2C_Start                    text56       003730
__end_ofi2_I2C_Stop                     text55       00371A
__end_ofi2_I2C_Wait                     text57       003614
__end_ofi2_I2C_Write                    text54       0036AA
__end_ofi2_OLED_ClearArea               text52       0031FC
__end_ofi2_OLED_Command                 text53       003674
__end_ofi2_OLED_DrawCentered2x_AtPage   text48       002CBA
__end_ofi2_OLED_DrawScaledChar          text49       002492
__end_ofi2_OLED_SetCursor               text51       003656
__end_ofi2_UART_WriteChar               text47       003704
__end_ofi2_UART_WriteString             text46       00332A
__end_ofi2___awdiv                      text50       002E40
__initialization                        cinit        00354A
__mediumconst                           mediumconst  007E76
__pbssBANK0                             bssBANK0     0000FF
__pbssBANK1                             bssBANK1     00015E
__pbssCOMRAM                            bssCOMRAM    000035
__pcinit                                cinit        00354A
__pcstackBANK0                          cstackBANK0  000060
__pcstackBANK1                          cstackBANK1  000100
__pcstackCOMRAM                         cstackCOMRAM 000001
__pintcode                              intcode      000008
__pintcode_body                         intcode_body 001E9C
__pmediumconst                          mediumconst  007E76
__ptext0                                text0        0008F2
__ptext1                                text1        00347A
__ptext10                               text10       00326C
__ptext11                               text11       0036AA
__ptext12                               text12       003730
__ptext13                               text13       0033FC
__ptext14                               text14       0027C4
__ptext15                               text15       002FAC
__ptext16                               text16       002B00
__ptext17                               text17       0020A4
__ptext18                               text18       002CBA
__ptext19                               text19       00359E
__ptext2                                text2        0031FC
__ptext20                               text20       00310A
__ptext21                               text21       003614
__ptext22                               text22       003674
__ptext23                               text23       0036C2
__ptext24                               text24       0036D8
__ptext25                               text25       0035C6
__ptext26                               text26       00305C
__ptext27                               text27       003574
__ptext28                               text28       003740
__ptext29                               text29       00374E
__ptext3                                text3        0033B8
__ptext30                               text30       001C7E
__ptext31                               text31       0028F2
__ptext32                               text32       0017FA
__ptext33                               text33       0010C6
__ptext34                               text34       000CE6
__ptext35                               text35       0034E8
__ptext36                               text36       00332A
__ptext37                               text37       003440
__ptext38                               text38       00264A
__ptext39                               text39       0004CA
__ptext4                                text4        003372
__ptext40                               text40       001468
__ptext41                               text41       000012
__ptext42                               text42       002492
__ptext43                               text43       0029FA
__ptext44                               text44       00351E
__ptext46                               text46       0032CC
__ptext47                               text47       0036EE
__ptext48                               text48       002BE2
__ptext49                               text49       0022A2
__ptext5                                text5        001A40
__ptext50                               text50       002D7E
__ptext51                               text51       003636
__ptext52                               text52       00318A
__ptext53                               text53       003656
__ptext54                               text54       003690
__ptext55                               text55       003704
__ptext56                               text56       00371A
__ptext57                               text57       0035EE
__ptext6                                text6        002E40
__ptext7                                text7        00375A
__ptext8                                text8        0034B2
__ptext9                                text9        002EFC
__ramtop                                ramtop       000800
__smallconst                            mediumconst  007E76
_abs                                    text8        0034B2
_asinf                                  text33       0010C6
_asinf$1294                             cstackBANK0  0000D0
_asinf$1295                             cstackBANK0  0000D4
_asinf$1296                             cstackBANK0  0000D8
_asinf$1297                             cstackBANK0  0000DC
_dbuf                                   bssBANK1     00015E
_emergency_stop_active                  bssBANK1     00017E
_errno                                  bssCOMRAM    000054
_fabsf                                  text35       0034E8
_flags                                  bssBANK0     0000FF
_font5x7                                mediumconst  007E77
_fputc                                  text6        002E40
_lastAngle                              bssBANK1     000180
_lastBT                                 bssBANK1     000194
_lastCycles                             bssCOMRAM    000035
_main                                   text0        0008F2
_prec                                   bssCOMRAM    000052
_putch                                  text7        00375A
_sprintf                                text3        0033B8
_sqrtf                                  text34       000CE6
_strcmp                                 text2        0031FC
_strcpy                                 text1        00347A
_vfpfcnvrt                              text5        001A40
_vfprintf                               text4        003372
_width                                  bssCOMRAM    000050
abs@a                                   cstackBANK0  000066
asinf@ix                                cstackBANK0  0000E9
asinf@s                                 cstackBANK0  0000E1
asinf@sign                              cstackBANK0  0000E0
asinf@x                                 cstackBANK0  0000CC
asinf@z                                 cstackBANK0  0000E5
btemp                                   temp         000056
end_of_initialization                   cinit        003566
fabsf@F465                              bssCOMRAM    000049
fabsf@u                                 cstackBANK0  000064
fabsf@x                                 cstackBANK0  000060
fputc@c                                 cstackBANK0  000060
fputc@fp                                cstackBANK0  000062
i2I2C_Write@data                        cstackCOMRAM 000002
i2OLED_ClearArea@col                    cstackCOMRAM 000008
i2OLED_ClearArea@endCol                 cstackCOMRAM 000006
i2OLED_ClearArea@endPage                cstackCOMRAM 000004
i2OLED_ClearArea@page                   cstackCOMRAM 000009
i2OLED_ClearArea@startCol               cstackCOMRAM 000005
i2OLED_ClearArea@startPage              cstackCOMRAM 000007
i2OLED_Command@cmd                      cstackCOMRAM 000003
i2OLED_DrawCentered2x_AtPage@charWidth  cstackCOMRAM 000026
i2OLED_DrawCentered2x_AtPage@i          cstackCOMRAM 000028
i2OLED_DrawCentered2x_AtPage@len        cstackCOMRAM 000027
i2OLED_DrawCentered2x_AtPage@page       cstackCOMRAM 00001F
i2OLED_DrawCentered2x_AtPage@startCol   cstackCOMRAM 000025
i2OLED_DrawCentered2x_AtPage@str        cstackCOMRAM 00001D
i2OLED_DrawCentered2x_AtPage@tmp        cstackCOMRAM 000022
i2OLED_DrawCentered2x_AtPage@totalWidth cstackCOMRAM 000024
i2OLED_DrawScaledChar@bit               cstackCOMRAM 000019
i2OLED_DrawScaledChar@c                 cstackCOMRAM 00001C
i2OLED_DrawScaledChar@col               cstackCOMRAM 00001B
i2OLED_DrawScaledChar@colData           cstackCOMRAM 000011
i2OLED_DrawScaledChar@idx               cstackCOMRAM 000016
i2OLED_DrawScaledChar@outBit            cstackCOMRAM 000014
i2OLED_DrawScaledChar@outPage           cstackCOMRAM 000013
i2OLED_DrawScaledChar@p                 cstackCOMRAM 00001A
i2OLED_DrawScaledChar@pixel             cstackCOMRAM 000012
i2OLED_DrawScaledChar@rowOut            cstackCOMRAM 000017
i2OLED_DrawScaledChar@scale             cstackCOMRAM 000009
i2OLED_DrawScaledChar@scaled_col        cstackCOMRAM 00000E
i2OLED_DrawScaledChar@start_col         cstackCOMRAM 00000B
i2OLED_DrawScaledChar@start_page        cstackCOMRAM 00000A
i2OLED_DrawScaledChar@v                 cstackCOMRAM 000015
i2OLED_DrawScaledChar@x                 cstackCOMRAM 000018
i2OLED_SetCursor@col                    cstackCOMRAM 000004
i2OLED_SetCursor@page                   cstackCOMRAM 000005
i2UART_WriteChar@c                      cstackCOMRAM 000001
i2UART_WriteString@s                    cstackCOMRAM 000002
i2_I2C_Start                            text56       00371A
i2_I2C_Stop                             text55       003704
i2_I2C_Wait                             text57       0035EE
i2_I2C_Write                            text54       003690
i2_OLED_ClearArea                       text52       00318A
i2_OLED_Command                         text53       003656
i2_OLED_DrawCentered2x_AtPage           text48       002BE2
i2_OLED_DrawScaledChar                  text49       0022A2
i2_OLED_SetCursor                       text51       003636
i2_UART_WriteChar                       text47       0036EE
i2_UART_WriteString                     text46       0032CC
i2___awdiv                              text50       002D7E
i2___awdiv@counter                      cstackCOMRAM 000005
i2___awdiv@dividend                     cstackCOMRAM 000001
i2___awdiv@divisor                      cstackCOMRAM 000003
i2___awdiv@quotient                     cstackCOMRAM 000007
i2___awdiv@sign                         cstackCOMRAM 000006
int$flags                               temp         000056
int_func                                intcode_body 001E9C
intlevel0                               text         000000
intlevel1                               text         000000
intlevel2                               text         000000
intlevel3                               text         000000
isa$std                                 (abs)        000001
isa$xinst                               (abs)        000000
main@angle                              cstackBANK1  00015C
main@angleStr                           cstackBANK1  000146
main@btMsg                              cstackBANK1  000132
main@buffer                             cstackBANK1  000114
main@joystick                           cstackBANK1  00015A
sprintf@ap                              cstackBANK0  000085
sprintf@f                               cstackBANK0  000086
sprintf@fmt                             cstackBANK0  00007F
sprintf@s                               cstackBANK0  00007D
sqrtf@i                                 cstackBANK0  00006D
sqrtf@ix                                cstackBANK0  000081
sqrtf@m                                 cstackBANK0  000079
sqrtf@q                                 cstackBANK0  000071
sqrtf@r                                 cstackBANK0  00007D
sqrtf@s                                 cstackBANK0  000069
sqrtf@t                                 cstackBANK0  000075
sqrtf@x                                 cstackBANK0  000060
stackhi                                 (abs)        000000
stacklo                                 (abs)        000000
start                                   init         00000E
start_initialization                    cinit        00354A
strcmp@l                                cstackBANK0  000060
strcmp@r                                cstackBANK0  000062
strcpy@d                                cstackBANK0  000064
strcpy@dest                             cstackBANK0  000060
strcpy@src                              cstackBANK0  000062
ttemp5                                  temp         000057
ttemp6                                  temp         00005A
ttemp7                                  temp         00005E
vfpfcnvrt@ap                            cstackBANK0  00006C
vfpfcnvrt@c                             cstackBANK0  000076
vfpfcnvrt@convarg                       cstackBANK0  000072
vfpfcnvrt@cp                            cstackBANK0  000070
vfpfcnvrt@done                          cstackBANK0  00006F
vfpfcnvrt@fmt                           cstackBANK0  00006B
vfpfcnvrt@fp                            cstackBANK0  00006A
vfprintf@ap                             cstackBANK0  00007A
vfprintf@cfmt                           cstackBANK0  00007B
vfprintf@fmt                            cstackBANK0  000078
vfprintf@fp                             cstackBANK0  000077
wtemp8                                  temp         000057


MODULE INFORMATION

Module		Function		Class		Link	Load	Size
C:\Program Files\Microchip\xc8\v3.00\pic\sources\c99\common\flge.c
		___flge        		CODE           	29FA	0000	262

C:\Program Files\Microchip\xc8\v3.00\pic\sources\c99\common\flge.c estimated size: 262

C:\Program Files\Microchip\xc8\v3.00\pic\sources\c99\common\abs.c
		_abs           		CODE           	34B2	0000	54

C:\Program Files\Microchip\xc8\v3.00\pic\sources\c99\common\abs.c estimated size: 54

C:\Program Files\Microchip\xc8\v3.00\pic\sources\c99\common\nf_fputc.c
		_fputc         		CODE           	2E40	0000	188

C:\Program Files\Microchip\xc8\v3.00\pic\sources\c99\common\nf_fputc.c estimated size: 188

C:\Program Files\Microchip\xc8\v3.00\pic\sources\c99\common\asinf.c
		_asinf         		CODE           	10C6	0000	930
		_R             		CODE           	264A	0000	378

C:\Program Files\Microchip\xc8\v3.00\pic\sources\c99\common\asinf.c estimated size: 1308

C:\Program Files\Microchip\xc8\v3.00\pic\sources\c99\common\flneg.c
		___flneg       		CODE           	3440	0000	58

C:\Program Files\Microchip\xc8\v3.00\pic\sources\c99\common\flneg.c estimated size: 58

C:\Program Files\Microchip\xc8\v3.00\pic\sources\c99\common\fabsf.c
		_fabsf         		CODE           	34E8	0000	54

C:\Program Files\Microchip\xc8\v3.00\pic\sources\c99\common\fabsf.c estimated size: 54

C:\Program Files\Microchip\xc8\v3.00\pic\sources\c99\common\nf_sprintf.c
		_sprintf       		CODE           	33B8	0000	68

C:\Program Files\Microchip\xc8\v3.00\pic\sources\c99\common\nf_sprintf.c estimated size: 68

C:\Program Files\Microchip\xc8\v3.00\pic\sources\c99\common\awmod.c
		___awmod       		CODE           	2EFC	0000	176

C:\Program Files\Microchip\xc8\v3.00\pic\sources\c99\common\awmod.c estimated size: 176

C:\Program Files\Microchip\xc8\v3.00\pic\sources\c99\common\putch.c
		_putch         		CODE           	375A	0000	2

C:\Program Files\Microchip\xc8\v3.00\pic\sources\c99\common\putch.c estimated size: 2

C:\Program Files\Microchip\xc8\v3.00\pic\sources\c99\common\sprcmul.c
		___flmul       		CODE           	04CA	0000	1064

C:\Program Files\Microchip\xc8\v3.00\pic\sources\c99\common\sprcmul.c estimated size: 1064

C:\Program Files\Microchip\xc8\v3.00\pic\sources\c99\common\sprcdiv.c
		___fldiv       		CODE           	1468	0000	914

C:\Program Files\Microchip\xc8\v3.00\pic\sources\c99\common\sprcdiv.c estimated size: 914

shared
		_pS0           		MEDIUMCONST    	0000	0000	0
		_pS1           		MEDIUMCONST    	0000	0000	0
		_qS1           		MEDIUMCONST    	0000	0000	0
		_pS2           		MEDIUMCONST    	0000	0000	0
		i2_I2C_Wait    		CODE           	35EE	0000	38
		i2_I2C_Write   		CODE           	3690	0000	26
		i2_OLED_DrawScaledChar		CODE           	22A2	0000	496
		i2_OLED_ClearArea		CODE           	318A	0000	114
		i2___awdiv     		CODE           	2D7E	0000	194
		i2_UART_WriteChar		CODE           	36EE	0000	22
		i2_OLED_SetCursor		CODE           	3636	0000	32
		i2_I2C_Stop    		CODE           	3704	0000	22
		i2_OLED_DrawCentered2x_AtPage		CODE           	2BE2	0000	216
		i2_I2C_Start   		CODE           	371A	0000	22
		_font5x7       		MEDIUMCONST    	7E77	0000	195
		__initialization		CODE           	354A	0000	28
		i2_OLED_Command		CODE           	3656	0000	30
		_pio2          		MEDIUMCONST    	0000	0000	0
		i2_UART_WriteString		CODE           	32CC	0000	94

shared estimated size: 1529

C:\Program Files\Microchip\xc8\v3.00\pic\sources\c99\common\xxtofl.c
		___xxtofl      		CODE           	2492	0000	440

C:\Program Files\Microchip\xc8\v3.00\pic\sources\c99\common\xxtofl.c estimated size: 440

C:\Program Files\Microchip\xc8\v3.00\pic\sources\c99\common\strcmp.c
		_strcmp        		CODE           	31FC	0000	112

C:\Program Files\Microchip\xc8\v3.00\pic\sources\c99\common\strcmp.c estimated size: 112

C:\Program Files\Microchip\xc8\v3.00\pic\sources\c99\common\strcpy.c
		_strcpy        		CODE           	347A	0000	56

C:\Program Files\Microchip\xc8\v3.00\pic\sources\c99\common\strcpy.c estimated size: 56

C:\Program Files\Microchip\xc8\v3.00\pic\sources\c99\common\sqrtf.c
		_sqrtf         		CODE           	0CE6	0000	992

C:\Program Files\Microchip\xc8\v3.00\pic\sources\c99\common\sqrtf.c estimated size: 992

C:\Program Files\Microchip\xc8\v3.00\pic\sources\c99\common\awdiv.c
		___awdiv       		CODE           	2CBA	0000	196

C:\Program Files\Microchip\xc8\v3.00\pic\sources\c99\common\awdiv.c estimated size: 196

C:\Program Files\Microchip\xc8\v3.00\pic\sources\c99\common\fltol.c
		___fltol       		CODE           	28F2	0000	264

C:\Program Files\Microchip\xc8\v3.00\pic\sources\c99\common\fltol.c estimated size: 264

main.c
		_OLED_SetCursor		CODE           	359E	0000	40
		_UART_WriteChar		CODE           	36AA	0000	24
		_GY_ADC        		CODE           	17FA	0000	582
		_ISR           		CODE           	0008	0000	526
		_OLED_Command  		CODE           	3614	0000	34
		_UART_Init     		CODE           	3730	0000	16
		_OLED_DrawCentered2x_AtPage		CODE           	2B00	0000	226
		_Demux_control 		CODE           	1C7E	0000	542
		_main          		CODE           	08F2	0000	1012
		_OLED_ClearArea		CODE           	310A	0000	128
		_I2C_Write     		CODE           	3674	0000	28
		_OLED_Init     		CODE           	2FAC	0000	176
		_I2C_Stop      		CODE           	36C2	0000	22
		_OLED_DrawScaledChar		CODE           	20A4	0000	510
		_Config_ADC    		CODE           	351E	0000	44
		_I2C_Wait      		CODE           	35C6	0000	40
		_Joystick_ADC  		CODE           	305C	0000	174
		_I2C_Init      		CODE           	3740	0000	14
		_OLED_DrawChar 		CODE           	27C4	0000	302
		_OLED_Print    		CODE           	33FC	0000	68
		_I2C_Start     		CODE           	36D8	0000	22
		_Enable_Interrupts		CODE           	374E	0000	12
		_Init_ports    		CODE           	3574	0000	42
		_UART_WriteString		CODE           	326C	0000	96

main.c estimated size: 4680

C:\Program Files\Microchip\xc8\v3.00\pic\sources\c99\common\doprnt.c
		_vfpfcnvrt     		CODE           	1A40	0000	574
		_vfprintf      		CODE           	3372	0000	70

C:\Program Files\Microchip\xc8\v3.00\pic\sources\c99\common\doprnt.c estimated size: 644

C:\Program Files\Microchip\xc8\v3.00\pic\sources\c99\common\sprcadd.c
		___flsub       		CODE           	332A	0000	72
		___fladd       		CODE           	0012	0000	1208

C:\Program Files\Microchip\xc8\v3.00\pic\sources\c99\common\sprcadd.c estimated size: 1280

